[kot4x.com/index.html]
[backblue.gif]
[fade.gif]
[index.html]
[kot4x.com/wp-content/themes/kot4x/css/simple-line-iconsf658.css]
[cdnjs.cloudflare.com/ajax/libs/slick-carousel/1.9.0/slick.minf658.css]
[cdnjs.cloudflare.com/ajax/libs/slick-carousel/1.9.0/slick-theme.minf658.css]
[kot4x.com/wp-content/themes/kot4x/style.minf86b.css]
[kot4x.com/wp-content/plugins/tablepress/css/default.mind50e.css]
[kot4x.com/wp-includes/js/jquery/jquery.minaf6c.js]
[kot4x.com/wp-includes/js/jquery/jquery-migrate.mind617.js]
[kot4x.com/wp-content/plugins/rc-holiday-timetable/js/rc-holiday-timetablef658.js]
[kot4x.com/wp-content/plugins/gravityforms/js/jquery.json.minfc72.js]
[kot4x.com/wp-content/plugins/gravityforms/js/gravityforms.minfc72.js]
[kot4x.com/wp-json/wp/v2/pages/2.json]
[kot4x.com/wp-json/index.html]
[kot4x.com/xmlrpc0db0.php]
[kot4x.com/wp-includes/wlwmanifest.xml]
[kot4x.com/wp-json/oembed/1.0/embeda3f3.json]
[kot4x.com/wp-json/oembed/1.0/embed22b4]
[kot4x.com/wp-content/uploads/2018/11/cropped-favicon2-32x32.png]
[kot4x.com/wp-content/uploads/2018/11/cropped-favicon2-192x192.png]
[kot4x.com/wp-content/uploads/2018/11/cropped-favicon2-180x180.png]
[cdn.freshmarketer.com/442549/1375195.js]
[kot4x.com/wp-content/uploads/2018/11/KOT4X_logo-full-coloured.png]
[kot4x.com/wp-content/uploads/2018/11/kot4x-forex-kings-of-transparency.png]
[kot4x.com/about/index.html]
[kot4x.com/funding/index.html]
[kot4x.com/how-to-buy-bitcoin/index.html]
[kot4x.com/trading/index.html]
[kot4x.com/account-types/index.html]
[kot4x.com/trading/market-trading-hours/index.html]
[kot4x.com/wp-content/uploads/2018/11/home-background2-1-e1554220199995.png]
[kot4x.com/partners/index.html]
[kot4x.com/ib-affiliate-application/index.html]
[kot4x.com/top-the-tiers-ib-bonus-structure-terms-conditions/index.html]
[kot4x.com/wp-content/uploads/2018/11/shield-transparency-1-1024x456.png]
[kot4x.com/wp-content/uploads/2018/12/fast.svg]
[kot4x.com/wp-content/uploads/2018/12/genuine.svg]
[kot4x.com/wp-content/uploads/2018/12/privacy.svg]
[kot4x.com/wp-content/uploads/2018/12/growth.svg]
[kot4x.com/wp-content/uploads/2018/11/purple-bg.jpg]
[kot4x.com/wp-content/uploads/2018/01/Screen-Shot-2018-11-05-at-12.28.23.png]
[kot4x.com/wp-content/uploads/2018/11/KOT4X_logo-symbol-coloured.png]
[kot4x.com/terms-conditions/index.html]
[kot4x.com/risk-disclosure/index.html]
[kot4x.com/trading-assets/index.html]
[kot4x.com/withdrawal-bonus-terms-and-conditions/index.html]
[www.google.com/recaptcha/api89ae.js]
[kot4x.com/demo-sign-up/index.html]
[kot4x.com/wp-content/themes/kot4x/js/jquery.pluginf658.js]
[kot4x.com/wp-content/themes/kot4x/js/jquery.countdownf658.js]
[kot4x.com/wp-content/themes/kot4x/js/custom-counterf658.js]
[cdnjs.cloudflare.com/ajax/libs/socket.io/2.0.3/socket.iof658.js]
[cdn.jsdelivr.net/validation/1.11.1/jquery.validate.minf658.js]
[kot4x.com/wp-content/themes/kot4x/js/modernizr4a7d.js]
[kot4x.com/wp-content/themes/kot4x/js/browser_detect4a7d.js]
[kot4x.com/wp-content/themes/kot4x/js/skip-link-focus-fix4a7d.js]
[kot4x.com/wp-includes/js/dist/vendor/regenerator-runtime.minb36a.js]
[kot4x.com/wp-includes/js/dist/vendor/wp-polyfill.min2c7c.js]
[kot4x.com/wp-includes/js/dist/dom-ready.min7354.js]
[kot4x.com/wp-includes/js/dist/hooks.mine16b.js]
[kot4x.com/wp-includes/js/dist/i18n.min71a7.js]
[kot4x.com/wp-includes/js/dist/a11y.minac6e.js]
[kot4x.com/wp-content/plugins/gravityforms/js/placeholders.jquery.minfc72.js]
[kot4x.com/wp-content/themes/kot4x/js/dist/bundle3a4a.js]
[kot4x.com/wp-includes/js/wp-embed.minf658.js]
[cdnjs.cloudflare.com/ajax/libs/popper.js/1.12.9/umd/popper.min.js]
[maxcdn.bootstrapcdn.com/bootstrap/4.0.0/js/bootstrap.min.js]
[kot4x.com/index.html]
[cdn.freshbots.ai/assets/share/js/freshbots.min.js]
[use.typekit.net/foz5jqh.css]
[kot4x.com/feed/index.html]
[kot4x.com/comments/feed/index.html]
[kot4x.com/sample-page/feed/index.html]
[kot4x.com/wp-content/plugins/rc-holiday-timetable/bootstrap/css/bootstrap.minf658.css]
[kot4x.com/wp-content/plugins/rc-holiday-timetable/css/rc-holiday-timetablef658.css]
[kot4x.com/wp-content/themes/kot4x/css/font-awesome.minf658.css]
[kot4x.com/wp-content/themes/kot4x/fonts/Simple-Line-Iconsb26c.eot]
[kot4x.com/wp-content/themes/kot4x/fonts/Simple-Line-Iconsb26c.woff2]
[kot4x.com/wp-content/themes/kot4x/fonts/Simple-Line-Iconsb26c.ttf]
[kot4x.com/wp-content/themes/kot4x/fonts/Simple-Line-Iconsb26c.woff]
[kot4x.com/wp-content/themes/kot4x/css/simple-line-iconsf658.css]
[cdnjs.cloudflare.com/ajax/libs/slick-carousel/1.9.0/slick.minf658.css]
[cdnjs.cloudflare.com/ajax/libs/slick-carousel/1.9.0/ajax-loader.gif]
[kot4x.com/wp-content/themes/kot4x/fonts/Simple-Line-Iconsb26c.svg]
[cdnjs.cloudflare.com/ajax/libs/slick-carousel/1.9.0/fonts/slick.eot]
[cdnjs.cloudflare.com/ajax/libs/slick-carousel/1.9.0/fonts/slick.woff]
[cdnjs.cloudflare.com/ajax/libs/slick-carousel/1.9.0/fonts/slick.ttf]
[cdnjs.cloudflare.com/ajax/libs/slick-carousel/1.9.0/fonts/slick.svg]
[cdnjs.cloudflare.com/ajax/libs/slick-carousel/1.9.0/slick-theme.minf658.css]
[kot4x.com/wp-content/themes/kot4x/fonts/typicons.eot]
[kot4x.com/wp-content/themes/kot4x/fonts/typiconsd41d.eot]
[kot4x.com/wp-content/themes/kot4x/fonts/typicons.woff]
[kot4x.com/wp-content/themes/kot4x/fonts/typicons.ttf]
[kot4x.com/wp-content/themes/kot4x/style.minf86b.css]
[kot4x.com/wp-content/themes/kot4x/fonts/typicons.svg]
[kot4x.com/wp-content/plugins/tablepress/css/tablepress.woff]
[kot4x.com/wp-content/plugins/tablepress/css/default.mind50e.css]
[kot4x.com/xmlrpc.php]
[kot4x.com/wp-json/wp/v2/pages/456.json]
[kot4x.com/wp-json/oembed/1.0/embed66f1.json]
[kot4x.com/wp-json/oembed/1.0/embed09ba]
[kot4x.com/wp-content/uploads/2018/11/Screen-Shot-2018-11-05-at-13.32.03.png]
[kot4x.com/wp-content/uploads/2018/12/about.jpg]
[kot4x.com/wp-content/uploads/2018/12/crypto.svg]
[kot4x.com/wp-content/uploads/2019/02/STP-execution.png]
[kot4x.com/about/index.html]
[kot4x.com/wp-json/wp/v2/pages/1489.json]
[kot4x.com/wp-json/oembed/1.0/embedc6f0.json]
[kot4x.com/wp-json/oembed/1.0/embedf855]
[kot4x.com/wp-content/uploads/2019/01/deposit-methods.png]
[kot4x.com/wp-content/uploads/2018/12/deposit.svg]
[kot4x.com/wp-content/uploads/2019/02/bitcoin-deposit.svg]
[kot4x.com/funding/index.html]
[kot4x.com/wp-content/uploads/2019/02/withdrawymethods@svg.svg]
[kot4x.com/wp-json/wp/v2/pages/1564.json]
[kot4x.com/wp-json/oembed/1.0/embed8f49.json]
[kot4x.com/wp-json/oembed/1.0/embed57b6]
[kot4x.com/wp-content/uploads/2019/04/coinbase-1.png]
[kot4x.com/wp-content/uploads/2019/04/coinbase-2.png]
[kot4x.com/wp-content/uploads/2019/04/Screen-Shot-2019-04-01-at-10.30.42-PM.jpg]
[kot4x.com/wp-content/uploads/2019/04/linked-accounts.jpg]
[kot4x.com/wp-content/uploads/2019/04/linked-new-accont.jpg]
[kot4x.com/wp-content/uploads/2019/04/payment-type-.jpg]
[kot4x.com/wp-content/uploads/2019/04/payment-convert.jpg]
[kot4x.com/wp-content/uploads/2019/04/kot4x-deposit.jpg]
[kot4x.com/wp-content/uploads/2019/04/deposit-fill-.jpg]
[kot4x.com/wp-content/uploads/2019/05/credentials2.png]
[kot4x.com/wp-content/uploads/2019/04/btc-address.jpg]
[kot4x.com/how-to-buy-bitcoin/index.html]
[kot4x.com/wp-json/wp/v2/pages/994.json]
[kot4x.com/wp-json/oembed/1.0/embed65e0.json]
[kot4x.com/wp-json/oembed/1.0/embed1966]
[kot4x.com/wp-content/uploads/2018/11/mt4-trading-1@2x-300x269.png]
[kot4x.com/wp-content/uploads/2018/11/mt4-trading-2@2x-295x300.png]
[kot4x.com/trading/index.html]
[kot4x.com/wp-json/wp/v2/pages/920.json]
[kot4x.com/wp-json/oembed/1.0/embed58b6.json]
[kot4x.com/wp-json/oembed/1.0/embed041d]
[kot4x.com/wp-content/uploads/2019/04/KOT-4X-ECN-3x-1.jpg]
[kot4x.com/account-types/index.html]
[kot4x.com/wp-json/wp/v2/pages/1868.json]
[kot4x.com/wp-json/oembed/1.0/embed8f97.json]
[kot4x.com/trading/market-trading-hours/index.html]
[kot4x.com/wp-json/oembed/1.0/embed407c]
[kot4x.com/wp-json/wp/v2/pages/468.json]
[kot4x.com/wp-json/oembed/1.0/embedf99e.json]
[kot4x.com/wp-json/oembed/1.0/embedb348]
[kot4x.com/wp-content/uploads/2019/02/partner-kot-fx.png]
[kot4x.com/partners/index.html]
[kot4x.com/ib-affiliate-application/index.html]
[kot4x.com/wp-json/wp/v2/pages/1865.json]
[kot4x.com/wp-json/oembed/1.0/embed6900.json]
[kot4x.com/wp-json/oembed/1.0/embedd131]
[kot4x.com/wp-content/uploads/2021/02/in-text.png]
[kot4x.com/wp-content/uploads/2021/02/Frame-13.jpg]
[kot4x.com/top-the-tiers-ib-bonus-structure-terms-conditions/index.html]
[kot4x.com/wp-content/uploads/2018/12/fast.svg]
[kot4x.com/wp-content/uploads/2018/12/genuine.svg]
[kot4x.com/wp-content/uploads/2018/12/privacy.svg]
[kot4x.com/wp-content/uploads/2018/12/growth.svg]
[kot4x.com/wp-json/wp/v2/pages/777.json]
[kot4x.com/wp-json/oembed/1.0/embede2ad.json]
[kot4x.com/trading-assets/index.html]
[kot4x.com/wp-json/oembed/1.0/embed92c4]
[kot4x.com/wp-json/wp/v2/pages/819.json]
[kot4x.com/risk-disclosure/index.html]
[kot4x.com/wp-json/wp/v2/pages/1512.json]
[kot4x.com/wp-json/oembed/1.0/embedec40.json]
[kot4x.com/terms-conditions/index.html]
[kot4x.com/wp-json/oembed/1.0/embed985e]
[kot4x.com/wp-json/wp/v2/pages/1870.json]
[kot4x.com/wp-json/oembed/1.0/embed5b6c.json]
[kot4x.com/wp-json/oembed/1.0/embed2364]
[kot4x.com/wp-content/uploads/2021/02/in-text-1.png]
[kot4x.com/withdrawal-bonus-terms-and-conditions/index.html]
[kot4x.com/wp-json/wp/v2/pages/1676.json]
[kot4x.com/wp-json/oembed/1.0/embedd5a2.json]
[kot4x.com/wp-json/oembed/1.0/embed0f12]
[kot4x.com/wp-content/themes/kot4x/images/dist/button_loader.gif]
[kot4x.com/demo-sign-up/index.html]
[use.typekit.net/af/32d9e9/00000000000000003b9b2a9b/27/le54d]
[use.typekit.net/af/32d9e9/00000000000000003b9b2a9b/27/de54d]
[use.typekit.net/af/32d9e9/00000000000000003b9b2a9b/27/ae54d]
[use.typekit.net/af/58af32/00000000000000003b9b2aae/27/l652f]
[use.typekit.net/af/58af32/00000000000000003b9b2aae/27/d652f]
[use.typekit.net/af/58af32/00000000000000003b9b2aae/27/a652f]
[use.typekit.net/af/08f483/00000000000000003b9b2aba/27/l6651]
[use.typekit.net/af/08f483/00000000000000003b9b2aba/27/d6651]
[use.typekit.net/af/08f483/00000000000000003b9b2aba/27/a6651]
[use.typekit.net/af/ea6e68/00000000000000003b9b2abb/27/l7188]
[use.typekit.net/af/ea6e68/00000000000000003b9b2abb/27/d7188]
[use.typekit.net/af/ea6e68/00000000000000003b9b2abb/27/a7188]
[use.typekit.net/af/4976ef/00000000000000003b9b2abc/27/le196]
[use.typekit.net/af/4976ef/00000000000000003b9b2abc/27/de196]
[use.typekit.net/af/4976ef/00000000000000003b9b2abc/27/ae196]
[use.typekit.net/af/44f211/00000000000000003b9b2a9c/27/le196]
[use.typekit.net/af/44f211/00000000000000003b9b2a9c/27/de196]
[use.typekit.net/af/44f211/00000000000000003b9b2a9c/27/ae196]
[use.typekit.net/af/d50ee1/00000000000000003b9b2a9f/27/l652f]
[use.typekit.net/af/d50ee1/00000000000000003b9b2a9f/27/d652f]
[use.typekit.net/af/d50ee1/00000000000000003b9b2a9f/27/a652f]
[use.typekit.net/af/8c160f/00000000000000003b9b2aa5/27/le196]
[use.typekit.net/af/8c160f/00000000000000003b9b2aa5/27/de196]
[use.typekit.net/af/8c160f/00000000000000003b9b2aa5/27/ae196]
[use.typekit.net/af/3843d5/00000000000000003b9b2aa8/27/l652f]
[use.typekit.net/af/3843d5/00000000000000003b9b2aa8/27/d652f]
[use.typekit.net/af/3843d5/00000000000000003b9b2aa8/27/a652f]
[use.typekit.net/af/7a2ff2/00000000000000003b9b2ab0/27/le196]
[use.typekit.net/af/7a2ff2/00000000000000003b9b2ab0/27/de196]
[use.typekit.net/af/7a2ff2/00000000000000003b9b2ab0/27/ae196]
[use.typekit.net/af/fb96bb/00000000000000003b9b2ab3/27/l652f]
[use.typekit.net/af/fb96bb/00000000000000003b9b2ab3/27/d652f]
[use.typekit.net/af/fb96bb/00000000000000003b9b2ab3/27/a652f]
[use.typekit.net/af/b3480e/00000000000000003b9b2abe/27/le196]
[use.typekit.net/af/b3480e/00000000000000003b9b2abe/27/de196]
[use.typekit.net/af/b3480e/00000000000000003b9b2abe/27/ae196]
[use.typekit.net/af/1ad6a7/00000000000000003b9b2ac1/27/l652f]
[use.typekit.net/af/1ad6a7/00000000000000003b9b2ac1/27/d652f]
[use.typekit.net/foz5jqh.css]
[use.typekit.net/af/1ad6a7/00000000000000003b9b2ac1/27/a652f]
[kot4x.com/wp-content/plugins/rc-holiday-timetable/bootstrap/css/bootstrap.minf658.css]
[kot4x.com/wp-content/plugins/rc-holiday-timetable/css/rc-holiday-timetablef658.css]
[kot4x.com/wp-includes/css/dist/block-library/style.minf658.css]
[kot4x.com/wp-content/themes/kot4x/fonts/fontawesome-webfont3e6e.eot]
[kot4x.com/wp-content/themes/kot4x/fonts/fontawesome-webfont3e6e.woff2]
[kot4x.com/wp-content/themes/kot4x/fonts/fontawesome-webfontd41d.eot]
[kot4x.com/wp-content/themes/kot4x/fonts/fontawesome-webfont3e6e.woff]
[kot4x.com/wp-content/themes/kot4x/fonts/fontawesome-webfont3e6e.ttf]
[kot4x.com/wp-content/themes/kot4x/css/font-awesome.minf658.css]
[kot4x.com/wp-content/themes/kot4x/fonts/Simple-Line-Iconsb26c.svg]
[cdnjs.cloudflare.com/ajax/libs/slick-carousel/1.9.0/fonts/slick.svg]
[kot4x.com/wp-content/themes/kot4x/fonts/typicons.svg]
[kot4x.com/index7014.html]
[kot4x.com/wp-content/uploads/2018/12/crypto.svg]
[kot4x.com/index5907.html]
[kot4x.com/wp-content/uploads/2018/12/deposit.svg]
[kot4x.com/wp-content/uploads/2019/02/bitcoin-deposit.svg]
[kot4x.com/wp-content/uploads/2019/02/withdrawymethods@svg.svg]
[kot4x.com/index461c.html]
[kot4x.com/index2132.html]
[cdnjs.cloudflare.com/ajax/libs/slick-carousel/1.9.0/fonts/slickd41d.eot]
[kot4x.com/wp-content/uploads/2019/02/STP-execution.png]
[kot4x.com/wp-content/themes/kot4x/fonts/fontawesome-webfont3e6e.svg]
[kot4x.com/index8f9f.html]
[kot4x.com/indexff9a.html]
[kot4x.com/index4c66.html]
[kot4x.com/index64d2.html]
[kot4x.com/indexf9b5.html]
[kot4x.com/wp-content/uploads/2018/11/mt4-trading-2@2x-295x300.png]
[kot4x.com/wp-content/uploads/2018/12/partners-king.svg]
[kot4x.com/index8e48.html]
[kot4x.com/index73a5.html]
[kot4x.com/index8da6.html]
[p.typekit.net/p52ad.css]
[kot4x.com/wp-json/oembed/1.0/embedc828]
[kot4x.com/wp-json/oembed/1.0/embede8c7]
[use.fontawesome.com/releases/v5.4.2/css/all.css]
[kot4x.com/wp-includes/css/dist/block-library/style.minf658.css]
[kot4x.com/wp-content/themes/kot4x/fonts/fontawesome-webfont3e6e.svg]
[kot4x.com/wp-content/uploads/2018/12/partners-king.svg]
[kot4x.com/index094a.html]
